09:23:22 **** Rebuild of configuration Debug for project HouseIllumination ****
Info: Internal Builder is used for build
arm-atollic-eabi-gcc -c -mthumb -mcpu=cortex-m3 -std=gnu11 -D__weak=__attribute__((weak)) -D__packed=__attribute__((__packed__)) -DUSE_HAL_DRIVER -DSTM32F103xB -I../Inc -I../Drivers/STM32F1xx_HAL_Driver/Inc -I../Drivers/STM32F1xx_HAL_Driver/Inc/Legacy -I../Drivers/CMSIS/Device/ST/STM32F1xx/Include -I../Drivers/CMSIS/Include -Os -ffunction-sections -fdata-sections -g -fstack-usage -Wall -specs=nano.specs -o Drivers\STM32F1xx_HAL_Driver\Src\stm32f1xx_hal_cortex.o ..\Drivers\STM32F1xx_HAL_Driver\Src\stm32f1xx_hal_cortex.c 
arm-atollic-eabi-gcc -c -mthumb -mcpu=cortex-m3 -std=gnu11 -D__weak=__attribute__((weak)) -D__packed=__attribute__((__packed__)) -DUSE_HAL_DRIVER -DSTM32F103xB -I../Inc -I../Drivers/STM32F1xx_HAL_Driver/Inc -I../Drivers/STM32F1xx_HAL_Driver/Inc/Legacy -I../Drivers/CMSIS/Device/ST/STM32F1xx/Include -I../Drivers/CMSIS/Include -Os -ffunction-sections -fdata-sections -g -fstack-usage -Wall -specs=nano.specs -o Drivers\STM32F1xx_HAL_Driver\Src\stm32f1xx_hal_dma.o ..\Drivers\STM32F1xx_HAL_Driver\Src\stm32f1xx_hal_dma.c 
arm-atollic-eabi-gcc -c -mthumb -mcpu=cortex-m3 -std=gnu11 -D__weak=__attribute__((weak)) -D__packed=__attribute__((__packed__)) -DUSE_HAL_DRIVER -DSTM32F103xB -I../Inc -I../Drivers/STM32F1xx_HAL_Driver/Inc -I../Drivers/STM32F1xx_HAL_Driver/Inc/Legacy -I../Drivers/CMSIS/Device/ST/STM32F1xx/Include -I../Drivers/CMSIS/Include -Os -ffunction-sections -fdata-sections -g -fstack-usage -Wall -specs=nano.specs -o Src\system_stm32f1xx.o ..\Src\system_stm32f1xx.c 
arm-atollic-eabi-gcc -c -mthumb -mcpu=cortex-m3 -g -Wa,--no-warn -x assembler-with-cpp -specs=nano.specs -o startup\startup_stm32f103xb.o ..\startup\startup_stm32f103xb.s 
arm-atollic-eabi-gcc -c -mthumb -mcpu=cortex-m3 -std=gnu11 -D__weak=__attribute__((weak)) -D__packed=__attribute__((__packed__)) -DUSE_HAL_DRIVER -DSTM32F103xB -I../Inc -I../Drivers/STM32F1xx_HAL_Driver/Inc -I../Drivers/STM32F1xx_HAL_Driver/Inc/Legacy -I../Drivers/CMSIS/Device/ST/STM32F1xx/Include -I../Drivers/CMSIS/Include -Os -ffunction-sections -fdata-sections -g -fstack-usage -Wall -specs=nano.specs -o Drivers\STM32F1xx_HAL_Driver\Src\stm32f1xx_hal.o ..\Drivers\STM32F1xx_HAL_Driver\Src\stm32f1xx_hal.c 
arm-atollic-eabi-gcc -c -mthumb -mcpu=cortex-m3 -std=gnu11 -D__weak=__attribute__((weak)) -D__packed=__attribute__((__packed__)) -DUSE_HAL_DRIVER -DSTM32F103xB -I../Inc -I../Drivers/STM32F1xx_HAL_Driver/Inc -I../Drivers/STM32F1xx_HAL_Driver/Inc/Legacy -I../Drivers/CMSIS/Device/ST/STM32F1xx/Include -I../Drivers/CMSIS/Include -Os -ffunction-sections -fdata-sections -g -fstack-usage -Wall -specs=nano.specs -o Drivers\STM32F1xx_HAL_Driver\Src\stm32f1xx_hal_pwr.o ..\Drivers\STM32F1xx_HAL_Driver\Src\stm32f1xx_hal_pwr.c 
arm-atollic-eabi-gcc -c -mthumb -mcpu=cortex-m3 -std=gnu11 -D__weak=__attribute__((weak)) -D__packed=__attribute__((__packed__)) -DUSE_HAL_DRIVER -DSTM32F103xB -I../Inc -I../Drivers/STM32F1xx_HAL_Driver/Inc -I../Drivers/STM32F1xx_HAL_Driver/Inc/Legacy -I../Drivers/CMSIS/Device/ST/STM32F1xx/Include -I../Drivers/CMSIS/Include -Os -ffunction-sections -fdata-sections -g -fstack-usage -Wall -specs=nano.specs -o Drivers\STM32F1xx_HAL_Driver\Src\stm32f1xx_hal_uart.o ..\Drivers\STM32F1xx_HAL_Driver\Src\stm32f1xx_hal_uart.c 
arm-atollic-eabi-gcc -c -mthumb -mcpu=cortex-m3 -std=gnu11 -D__weak=__attribute__((weak)) -D__packed=__attribute__((__packed__)) -DUSE_HAL_DRIVER -DSTM32F103xB -I../Inc -I../Drivers/STM32F1xx_HAL_Driver/Inc -I../Drivers/STM32F1xx_HAL_Driver/Inc/Legacy -I../Drivers/CMSIS/Device/ST/STM32F1xx/Include -I../Drivers/CMSIS/Include -Os -ffunction-sections -fdata-sections -g -fstack-usage -Wall -specs=nano.specs -o Drivers\STM32F1xx_HAL_Driver\Src\stm32f1xx_hal_gpio_ex.o ..\Drivers\STM32F1xx_HAL_Driver\Src\stm32f1xx_hal_gpio_ex.c 
arm-atollic-eabi-gcc -c -mthumb -mcpu=cortex-m3 -std=gnu11 -D__weak=__attribute__((weak)) -D__packed=__attribute__((__packed__)) -DUSE_HAL_DRIVER -DSTM32F103xB -I../Inc -I../Drivers/STM32F1xx_HAL_Driver/Inc -I../Drivers/STM32F1xx_HAL_Driver/Inc/Legacy -I../Drivers/CMSIS/Device/ST/STM32F1xx/Include -I../Drivers/CMSIS/Include -Os -ffunction-sections -fdata-sections -g -fstack-usage -Wall -specs=nano.specs -o Drivers\STM32F1xx_HAL_Driver\Src\stm32f1xx_hal_tim.o ..\Drivers\STM32F1xx_HAL_Driver\Src\stm32f1xx_hal_tim.c 
arm-atollic-eabi-gcc -c -mthumb -mcpu=cortex-m3 -std=gnu11 -D__weak=__attribute__((weak)) -D__packed=__attribute__((__packed__)) -DUSE_HAL_DRIVER -DSTM32F103xB -I../Inc -I../Drivers/STM32F1xx_HAL_Driver/Inc -I../Drivers/STM32F1xx_HAL_Driver/Inc/Legacy -I../Drivers/CMSIS/Device/ST/STM32F1xx/Include -I../Drivers/CMSIS/Include -Os -ffunction-sections -fdata-sections -g -fstack-usage -Wall -specs=nano.specs -o Src\stm32f1xx_it.o ..\Src\stm32f1xx_it.c 
arm-atollic-eabi-gcc -c -mthumb -mcpu=cortex-m3 -std=gnu11 -D__weak=__attribute__((weak)) -D__packed=__attribute__((__packed__)) -DUSE_HAL_DRIVER -DSTM32F103xB -I../Inc -I../Drivers/STM32F1xx_HAL_Driver/Inc -I../Drivers/STM32F1xx_HAL_Driver/Inc/Legacy -I../Drivers/CMSIS/Device/ST/STM32F1xx/Include -I../Drivers/CMSIS/Include -Os -ffunction-sections -fdata-sections -g -fstack-usage -Wall -specs=nano.specs -o Drivers\STM32F1xx_HAL_Driver\Src\stm32f1xx_hal_gpio.o ..\Drivers\STM32F1xx_HAL_Driver\Src\stm32f1xx_hal_gpio.c 
arm-atollic-eabi-gcc -c -mthumb -mcpu=cortex-m3 -std=gnu11 -D__weak=__attribute__((weak)) -D__packed=__attribute__((__packed__)) -DUSE_HAL_DRIVER -DSTM32F103xB -I../Inc -I../Drivers/STM32F1xx_HAL_Driver/Inc -I../Drivers/STM32F1xx_HAL_Driver/Inc/Legacy -I../Drivers/CMSIS/Device/ST/STM32F1xx/Include -I../Drivers/CMSIS/Include -Os -ffunction-sections -fdata-sections -g -fstack-usage -Wall -specs=nano.specs -o Drivers\STM32F1xx_HAL_Driver\Src\stm32f1xx_hal_tim_ex.o ..\Drivers\STM32F1xx_HAL_Driver\Src\stm32f1xx_hal_tim_ex.c 
arm-atollic-eabi-gcc -c -mthumb -mcpu=cortex-m3 -std=gnu11 -D__weak=__attribute__((weak)) -D__packed=__attribute__((__packed__)) -DUSE_HAL_DRIVER -DSTM32F103xB -I../Inc -I../Drivers/STM32F1xx_HAL_Driver/Inc -I../Drivers/STM32F1xx_HAL_Driver/Inc/Legacy -I../Drivers/CMSIS/Device/ST/STM32F1xx/Include -I../Drivers/CMSIS/Include -Os -ffunction-sections -fdata-sections -g -fstack-usage -Wall -specs=nano.specs -o Drivers\STM32F1xx_HAL_Driver\Src\stm32f1xx_hal_rcc_ex.o ..\Drivers\STM32F1xx_HAL_Driver\Src\stm32f1xx_hal_rcc_ex.c 
arm-atollic-eabi-gcc -c -mthumb -mcpu=cortex-m3 -std=gnu11 -D__weak=__attribute__((weak)) -D__packed=__attribute__((__packed__)) -DUSE_HAL_DRIVER -DSTM32F103xB -I../Inc -I../Drivers/STM32F1xx_HAL_Driver/Inc -I../Drivers/STM32F1xx_HAL_Driver/Inc/Legacy -I../Drivers/CMSIS/Device/ST/STM32F1xx/Include -I../Drivers/CMSIS/Include -Os -ffunction-sections -fdata-sections -g -fstack-usage -Wall -specs=nano.specs -o Src\main.o ..\Src\main.c 
arm-atollic-eabi-gcc -c -mthumb -mcpu=cortex-m3 -std=gnu11 -D__weak=__attribute__((weak)) -D__packed=__attribute__((__packed__)) -DUSE_HAL_DRIVER -DSTM32F103xB -I../Inc -I../Drivers/STM32F1xx_HAL_Driver/Inc -I../Drivers/STM32F1xx_HAL_Driver/Inc/Legacy -I../Drivers/CMSIS/Device/ST/STM32F1xx/Include -I../Drivers/CMSIS/Include -Os -ffunction-sections -fdata-sections -g -fstack-usage -Wall -specs=nano.specs -o Drivers\STM32F1xx_HAL_Driver\Src\stm32f1xx_hal_rtc.o ..\Drivers\STM32F1xx_HAL_Driver\Src\stm32f1xx_hal_rtc.c 
arm-atollic-eabi-gcc -c -mthumb -mcpu=cortex-m3 -std=gnu11 -D__weak=__attribute__((weak)) -D__packed=__attribute__((__packed__)) -DUSE_HAL_DRIVER -DSTM32F103xB -I../Inc -I../Drivers/STM32F1xx_HAL_Driver/Inc -I../Drivers/STM32F1xx_HAL_Driver/Inc/Legacy -I../Drivers/CMSIS/Device/ST/STM32F1xx/Include -I../Drivers/CMSIS/Include -Os -ffunction-sections -fdata-sections -g -fstack-usage -Wall -specs=nano.specs -o Drivers\STM32F1xx_HAL_Driver\Src\stm32f1xx_hal_rcc.o ..\Drivers\STM32F1xx_HAL_Driver\Src\stm32f1xx_hal_rcc.c 
arm-atollic-eabi-gcc -c -mthumb -mcpu=cortex-m3 -std=gnu11 -D__weak=__attribute__((weak)) -D__packed=__attribute__((__packed__)) -DUSE_HAL_DRIVER -DSTM32F103xB -I../Inc -I../Drivers/STM32F1xx_HAL_Driver/Inc -I../Drivers/STM32F1xx_HAL_Driver/Inc/Legacy -I../Drivers/CMSIS/Device/ST/STM32F1xx/Include -I../Drivers/CMSIS/Include -Os -ffunction-sections -fdata-sections -g -fstack-usage -Wall -specs=nano.specs -o Drivers\STM32F1xx_HAL_Driver\Src\stm32f1xx_hal_flash_ex.o ..\Drivers\STM32F1xx_HAL_Driver\Src\stm32f1xx_hal_flash_ex.c 
arm-atollic-eabi-gcc -c -mthumb -mcpu=cortex-m3 -std=gnu11 -D__weak=__attribute__((weak)) -D__packed=__attribute__((__packed__)) -DUSE_HAL_DRIVER -DSTM32F103xB -I../Inc -I../Drivers/STM32F1xx_HAL_Driver/Inc -I../Drivers/STM32F1xx_HAL_Driver/Inc/Legacy -I../Drivers/CMSIS/Device/ST/STM32F1xx/Include -I../Drivers/CMSIS/Include -Os -ffunction-sections -fdata-sections -g -fstack-usage -Wall -specs=nano.specs -o Drivers\STM32F1xx_HAL_Driver\Src\stm32f1xx_hal_flash.o ..\Drivers\STM32F1xx_HAL_Driver\Src\stm32f1xx_hal_flash.c 
arm-atollic-eabi-gcc -c -mthumb -mcpu=cortex-m3 -std=gnu11 -D__weak=__attribute__((weak)) -D__packed=__attribute__((__packed__)) -DUSE_HAL_DRIVER -DSTM32F103xB -I../Inc -I../Drivers/STM32F1xx_HAL_Driver/Inc -I../Drivers/STM32F1xx_HAL_Driver/Inc/Legacy -I../Drivers/CMSIS/Device/ST/STM32F1xx/Include -I../Drivers/CMSIS/Include -Os -ffunction-sections -fdata-sections -g -fstack-usage -Wall -specs=nano.specs -o Src\stm32f1xx_hal_msp.o ..\Src\stm32f1xx_hal_msp.c 
arm-atollic-eabi-gcc -c -mthumb -mcpu=cortex-m3 -std=gnu11 -D__weak=__attribute__((weak)) -D__packed=__attribute__((__packed__)) -DUSE_HAL_DRIVER -DSTM32F103xB -I../Inc -I../Drivers/STM32F1xx_HAL_Driver/Inc -I../Drivers/STM32F1xx_HAL_Driver/Inc/Legacy -I../Drivers/CMSIS/Device/ST/STM32F1xx/Include -I../Drivers/CMSIS/Include -Os -ffunction-sections -fdata-sections -g -fstack-usage -Wall -specs=nano.specs -o Drivers\STM32F1xx_HAL_Driver\Src\stm32f1xx_hal_rtc_ex.o ..\Drivers\STM32F1xx_HAL_Driver\Src\stm32f1xx_hal_rtc_ex.c 
arm-atollic-eabi-gcc -o HouseIllumination.elf Drivers\STM32F1xx_HAL_Driver\Src\stm32f1xx_hal.o Drivers\STM32F1xx_HAL_Driver\Src\stm32f1xx_hal_cortex.o Drivers\STM32F1xx_HAL_Driver\Src\stm32f1xx_hal_dma.o Drivers\STM32F1xx_HAL_Driver\Src\stm32f1xx_hal_flash.o Drivers\STM32F1xx_HAL_Driver\Src\stm32f1xx_hal_flash_ex.o Drivers\STM32F1xx_HAL_Driver\Src\stm32f1xx_hal_gpio.o Drivers\STM32F1xx_HAL_Driver\Src\stm32f1xx_hal_gpio_ex.o Drivers\STM32F1xx_HAL_Driver\Src\stm32f1xx_hal_pwr.o Drivers\STM32F1xx_HAL_Driver\Src\stm32f1xx_hal_rcc.o Drivers\STM32F1xx_HAL_Driver\Src\stm32f1xx_hal_rcc_ex.o Drivers\STM32F1xx_HAL_Driver\Src\stm32f1xx_hal_rtc.o Drivers\STM32F1xx_HAL_Driver\Src\stm32f1xx_hal_rtc_ex.o Drivers\STM32F1xx_HAL_Driver\Src\stm32f1xx_hal_tim.o Drivers\STM32F1xx_HAL_Driver\Src\stm32f1xx_hal_tim_ex.o Drivers\STM32F1xx_HAL_Driver\Src\stm32f1xx_hal_uart.o Src\main.o Src\stm32f1xx_hal_msp.o Src\stm32f1xx_it.o Src\system_stm32f1xx.o startup\startup_stm32f103xb.o -mthumb -mcpu=cortex-m3 -T../STM32F103CB_FLASH.ld -specs=nosys.specs -static -Wl,-Map=HouseIllumination.map -Wl,--gc-sections -Wl,--defsym=malloc_getpagesize_P=0x80 -Wl,--start-group -lc -lm -Wl,--end-group -specs=nano.specs 
C:\Program Files (x86)\Atollic\TrueSTUDIO for STM32 9.1.0\ide\jre\bin\java -jar C:\Program Files (x86)\Atollic\TrueSTUDIO for STM32 9.1.0\Tools\arm-atollic-reports.jar sizeinfo list HouseIllumination.elf 
Generate build reports...
Print size information
   text	   data	    bss	    dec	    hex	filename
   8708	     24	   1920	  10652	   299c	HouseIllumination.elf
Print size information done
Generate listing file
Output sent to: HouseIllumination.list
Generate listing file done
Generate build reports done

09:23:39 Build Finished (took 17s.35ms)

