22:31:01 **** Rebuild of configuration Debug for project STM32767ZI_Nucleo ****
Info: Internal Builder is used for build
arm-atollic-eabi-gcc -c ..\..\..\..\..\..\Drivers\BSP\STM32F7xx_Nucleo_144\stm32f7xx_nucleo_144.c -mthumb -mcpu=cortex-m7 -mfloat-abi=hard -mfpu=fpv5-d16 -std=gnu11 -DSTM32F767xx -DUSE_HAL_DRIVER -DUSE_STM32F7XX_NUCLEO_144 -DADAFRUIT_TFT_JOY_SD_ID802 -I../../../Inc -I../../../../../../Drivers/CMSIS/Device/ST/STM32F7xx/Include -I../../../../../../Drivers/STM32F7xx_HAL_Driver/Inc -I../../../../../../Drivers/BSP/STM32F7xx_Nucleo_144 -I../../../../../../Drivers/BSP/Adafruit_Shield -I../../../../../../Middlewares/Third_Party/FatFs/src -I../../../../../../Drivers/CMSIS/Include -Os -ffunction-sections -g3 -fstack-usage -Wall -fmessage-length=0 -specs=nano.specs -o Drivers\BSP\STM32F7xx_Nucleo_144\stm32f7xx_nucleo_144.o 
arm-atollic-eabi-gcc -c ..\..\..\..\..\..\Middlewares\Third_Party\FatFs\src\diskio.c -mthumb -mcpu=cortex-m7 -mfloat-abi=hard -mfpu=fpv5-d16 -std=gnu11 -DSTM32F767xx -DUSE_HAL_DRIVER -DUSE_STM32F7XX_NUCLEO_144 -DADAFRUIT_TFT_JOY_SD_ID802 -I../../../Inc -I../../../../../../Drivers/CMSIS/Device/ST/STM32F7xx/Include -I../../../../../../Drivers/STM32F7xx_HAL_Driver/Inc -I../../../../../../Drivers/BSP/STM32F7xx_Nucleo_144 -I../../../../../../Drivers/BSP/Adafruit_Shield -I../../../../../../Middlewares/Third_Party/FatFs/src -I../../../../../../Drivers/CMSIS/Include -Os -ffunction-sections -g3 -fstack-usage -Wall -fmessage-length=0 -specs=nano.specs -o Middlewares\FatFs\Core\diskio.o 
arm-atollic-eabi-gcc -c ..\..\..\Src\system_stm32f7xx.c -mthumb -mcpu=cortex-m7 -mfloat-abi=hard -mfpu=fpv5-d16 -std=gnu11 -DSTM32F767xx -DUSE_HAL_DRIVER -DUSE_STM32F7XX_NUCLEO_144 -DADAFRUIT_TFT_JOY_SD_ID802 -I../../../Inc -I../../../../../../Drivers/CMSIS/Device/ST/STM32F7xx/Include -I../../../../../../Drivers/STM32F7xx_HAL_Driver/Inc -I../../../../../../Drivers/BSP/STM32F7xx_Nucleo_144 -I../../../../../../Drivers/BSP/Adafruit_Shield -I../../../../../../Middlewares/Third_Party/FatFs/src -I../../../../../../Drivers/CMSIS/Include -Os -ffunction-sections -g3 -fstack-usage -Wall -fmessage-length=0 -specs=nano.specs -o Drivers\CMSIS\system_stm32f7xx.o 
arm-atollic-eabi-gcc -c ..\..\..\..\..\..\Drivers\STM32F7xx_HAL_Driver\Src\stm32f7xx_hal_pwr.c -mthumb -mcpu=cortex-m7 -mfloat-abi=hard -mfpu=fpv5-d16 -std=gnu11 -DSTM32F767xx -DUSE_HAL_DRIVER -DUSE_STM32F7XX_NUCLEO_144 -DADAFRUIT_TFT_JOY_SD_ID802 -I../../../Inc -I../../../../../../Drivers/CMSIS/Device/ST/STM32F7xx/Include -I../../../../../../Drivers/STM32F7xx_HAL_Driver/Inc -I../../../../../../Drivers/BSP/STM32F7xx_Nucleo_144 -I../../../../../../Drivers/BSP/Adafruit_Shield -I../../../../../../Middlewares/Third_Party/FatFs/src -I../../../../../../Drivers/CMSIS/Include -Os -ffunction-sections -g3 -fstack-usage -Wall -fmessage-length=0 -specs=nano.specs -o Drivers\STM32F7xx_HAL_Driver\stm32f7xx_hal_pwr.o 
arm-atollic-eabi-gcc -c ..\..\..\Src\sd_diskio.c -mthumb -mcpu=cortex-m7 -mfloat-abi=hard -mfpu=fpv5-d16 -std=gnu11 -DSTM32F767xx -DUSE_HAL_DRIVER -DUSE_STM32F7XX_NUCLEO_144 -DADAFRUIT_TFT_JOY_SD_ID802 -I../../../Inc -I../../../../../../Drivers/CMSIS/Device/ST/STM32F7xx/Include -I../../../../../../Drivers/STM32F7xx_HAL_Driver/Inc -I../../../../../../Drivers/BSP/STM32F7xx_Nucleo_144 -I../../../../../../Drivers/BSP/Adafruit_Shield -I../../../../../../Middlewares/Third_Party/FatFs/src -I../../../../../../Drivers/CMSIS/Include -Os -ffunction-sections -g3 -fstack-usage -Wall -fmessage-length=0 -specs=nano.specs -o Middlewares\FatFs\Drivers\sd_diskio.o 
arm-atollic-eabi-gcc -c ..\..\..\..\..\..\Drivers\STM32F7xx_HAL_Driver\Src\stm32f7xx_hal.c -mthumb -mcpu=cortex-m7 -mfloat-abi=hard -mfpu=fpv5-d16 -std=gnu11 -DSTM32F767xx -DUSE_HAL_DRIVER -DUSE_STM32F7XX_NUCLEO_144 -DADAFRUIT_TFT_JOY_SD_ID802 -I../../../Inc -I../../../../../../Drivers/CMSIS/Device/ST/STM32F7xx/Include -I../../../../../../Drivers/STM32F7xx_HAL_Driver/Inc -I../../../../../../Drivers/BSP/STM32F7xx_Nucleo_144 -I../../../../../../Drivers/BSP/Adafruit_Shield -I../../../../../../Middlewares/Third_Party/FatFs/src -I../../../../../../Drivers/CMSIS/Include -Os -ffunction-sections -g3 -fstack-usage -Wall -fmessage-length=0 -specs=nano.specs -o Drivers\STM32F7xx_HAL_Driver\stm32f7xx_hal.o 
arm-atollic-eabi-gcc -c ..\..\..\Src\main.c -mthumb -mcpu=cortex-m7 -mfloat-abi=hard -mfpu=fpv5-d16 -std=gnu11 -DSTM32F767xx -DUSE_HAL_DRIVER -DUSE_STM32F7XX_NUCLEO_144 -DADAFRUIT_TFT_JOY_SD_ID802 -I../../../Inc -I../../../../../../Drivers/CMSIS/Device/ST/STM32F7xx/Include -I../../../../../../Drivers/STM32F7xx_HAL_Driver/Inc -I../../../../../../Drivers/BSP/STM32F7xx_Nucleo_144 -I../../../../../../Drivers/BSP/Adafruit_Shield -I../../../../../../Middlewares/Third_Party/FatFs/src -I../../../../../../Drivers/CMSIS/Include -Os -ffunction-sections -g3 -fstack-usage -Wall -fmessage-length=0 -specs=nano.specs -o Application\User\main.o 
arm-atollic-eabi-gcc -c ..\..\..\..\..\..\Drivers\STM32F7xx_HAL_Driver\Src\stm32f7xx_hal_flash_ex.c -mthumb -mcpu=cortex-m7 -mfloat-abi=hard -mfpu=fpv5-d16 -std=gnu11 -DSTM32F767xx -DUSE_HAL_DRIVER -DUSE_STM32F7XX_NUCLEO_144 -DADAFRUIT_TFT_JOY_SD_ID802 -I../../../Inc -I../../../../../../Drivers/CMSIS/Device/ST/STM32F7xx/Include -I../../../../../../Drivers/STM32F7xx_HAL_Driver/Inc -I../../../../../../Drivers/BSP/STM32F7xx_Nucleo_144 -I../../../../../../Drivers/BSP/Adafruit_Shield -I../../../../../../Middlewares/Third_Party/FatFs/src -I../../../../../../Drivers/CMSIS/Include -Os -ffunction-sections -g3 -fstack-usage -Wall -fmessage-length=0 -specs=nano.specs -o Drivers\STM32F7xx_HAL_Driver\stm32f7xx_hal_flash_ex.o 
arm-atollic-eabi-gcc -c ..\..\..\..\..\..\Drivers\STM32F7xx_HAL_Driver\Src\stm32f7xx_hal_adc_ex.c -mthumb -mcpu=cortex-m7 -mfloat-abi=hard -mfpu=fpv5-d16 -std=gnu11 -DSTM32F767xx -DUSE_HAL_DRIVER -DUSE_STM32F7XX_NUCLEO_144 -DADAFRUIT_TFT_JOY_SD_ID802 -I../../../Inc -I../../../../../../Drivers/CMSIS/Device/ST/STM32F7xx/Include -I../../../../../../Drivers/STM32F7xx_HAL_Driver/Inc -I../../../../../../Drivers/BSP/STM32F7xx_Nucleo_144 -I../../../../../../Drivers/BSP/Adafruit_Shield -I../../../../../../Middlewares/Third_Party/FatFs/src -I../../../../../../Drivers/CMSIS/Include -Os -ffunction-sections -g3 -fstack-usage -Wall -fmessage-length=0 -specs=nano.specs -o Drivers\STM32F7xx_HAL_Driver\stm32f7xx_hal_adc_ex.o 
arm-atollic-eabi-gcc -c ..\..\..\..\..\..\Drivers\STM32F7xx_HAL_Driver\Src\stm32f7xx_hal_rcc_ex.c -mthumb -mcpu=cortex-m7 -mfloat-abi=hard -mfpu=fpv5-d16 -std=gnu11 -DSTM32F767xx -DUSE_HAL_DRIVER -DUSE_STM32F7XX_NUCLEO_144 -DADAFRUIT_TFT_JOY_SD_ID802 -I../../../Inc -I../../../../../../Drivers/CMSIS/Device/ST/STM32F7xx/Include -I../../../../../../Drivers/STM32F7xx_HAL_Driver/Inc -I../../../../../../Drivers/BSP/STM32F7xx_Nucleo_144 -I../../../../../../Drivers/BSP/Adafruit_Shield -I../../../../../../Middlewares/Third_Party/FatFs/src -I../../../../../../Drivers/CMSIS/Include -Os -ffunction-sections -g3 -fstack-usage -Wall -fmessage-length=0 -specs=nano.specs -o Drivers\STM32F7xx_HAL_Driver\stm32f7xx_hal_rcc_ex.o 
arm-atollic-eabi-gcc -c ..\..\..\Src\fatfs_storage.c -mthumb -mcpu=cortex-m7 -mfloat-abi=hard -mfpu=fpv5-d16 -std=gnu11 -DSTM32F767xx -DUSE_HAL_DRIVER -DUSE_STM32F7XX_NUCLEO_144 -DADAFRUIT_TFT_JOY_SD_ID802 -I../../../Inc -I../../../../../../Drivers/CMSIS/Device/ST/STM32F7xx/Include -I../../../../../../Drivers/STM32F7xx_HAL_Driver/Inc -I../../../../../../Drivers/BSP/STM32F7xx_Nucleo_144 -I../../../../../../Drivers/BSP/Adafruit_Shield -I../../../../../../Middlewares/Third_Party/FatFs/src -I../../../../../../Drivers/CMSIS/Include -Os -ffunction-sections -g3 -fstack-usage -Wall -fmessage-length=0 -specs=nano.specs -o Application\User\fatfs_storage.o 
arm-atollic-eabi-gcc -c ..\..\..\..\..\..\Middlewares\Third_Party\FatFs\src\option\syscall.c -mthumb -mcpu=cortex-m7 -mfloat-abi=hard -mfpu=fpv5-d16 -std=gnu11 -DSTM32F767xx -DUSE_HAL_DRIVER -DUSE_STM32F7XX_NUCLEO_144 -DADAFRUIT_TFT_JOY_SD_ID802 -I../../../Inc -I../../../../../../Drivers/CMSIS/Device/ST/STM32F7xx/Include -I../../../../../../Drivers/STM32F7xx_HAL_Driver/Inc -I../../../../../../Drivers/BSP/STM32F7xx_Nucleo_144 -I../../../../../../Drivers/BSP/Adafruit_Shield -I../../../../../../Middlewares/Third_Party/FatFs/src -I../../../../../../Drivers/CMSIS/Include -Os -ffunction-sections -g3 -fstack-usage -Wall -fmessage-length=0 -specs=nano.specs -o Middlewares\FatFs\Option\syscall.o 
arm-atollic-eabi-gcc -c ..\..\..\..\..\..\Drivers\STM32F7xx_HAL_Driver\Src\stm32f7xx_hal_flash.c -mthumb -mcpu=cortex-m7 -mfloat-abi=hard -mfpu=fpv5-d16 -std=gnu11 -DSTM32F767xx -DUSE_HAL_DRIVER -DUSE_STM32F7XX_NUCLEO_144 -DADAFRUIT_TFT_JOY_SD_ID802 -I../../../Inc -I../../../../../../Drivers/CMSIS/Device/ST/STM32F7xx/Include -I../../../../../../Drivers/STM32F7xx_HAL_Driver/Inc -I../../../../../../Drivers/BSP/STM32F7xx_Nucleo_144 -I../../../../../../Drivers/BSP/Adafruit_Shield -I../../../../../../Middlewares/Third_Party/FatFs/src -I../../../../../../Drivers/CMSIS/Include -Os -ffunction-sections -g3 -fstack-usage -Wall -fmessage-length=0 -specs=nano.specs -o Drivers\STM32F7xx_HAL_Driver\stm32f7xx_hal_flash.o 
arm-atollic-eabi-gcc -c ..\..\..\..\..\..\Drivers\STM32F7xx_HAL_Driver\Src\stm32f7xx_hal_spi.c -mthumb -mcpu=cortex-m7 -mfloat-abi=hard -mfpu=fpv5-d16 -std=gnu11 -DSTM32F767xx -DUSE_HAL_DRIVER -DUSE_STM32F7XX_NUCLEO_144 -DADAFRUIT_TFT_JOY_SD_ID802 -I../../../Inc -I../../../../../../Drivers/CMSIS/Device/ST/STM32F7xx/Include -I../../../../../../Drivers/STM32F7xx_HAL_Driver/Inc -I../../../../../../Drivers/BSP/STM32F7xx_Nucleo_144 -I../../../../../../Drivers/BSP/Adafruit_Shield -I../../../../../../Middlewares/Third_Party/FatFs/src -I../../../../../../Drivers/CMSIS/Include -Os -ffunction-sections -g3 -fstack-usage -Wall -fmessage-length=0 -specs=nano.specs -o Drivers\STM32F7xx_HAL_Driver\stm32f7xx_hal_spi.o 
arm-atollic-eabi-gcc -c ..\..\..\..\..\..\Drivers\BSP\Components\st7735\st7735.c -mthumb -mcpu=cortex-m7 -mfloat-abi=hard -mfpu=fpv5-d16 -std=gnu11 -DSTM32F767xx -DUSE_HAL_DRIVER -DUSE_STM32F7XX_NUCLEO_144 -DADAFRUIT_TFT_JOY_SD_ID802 -I../../../Inc -I../../../../../../Drivers/CMSIS/Device/ST/STM32F7xx/Include -I../../../../../../Drivers/STM32F7xx_HAL_Driver/Inc -I../../../../../../Drivers/BSP/STM32F7xx_Nucleo_144 -I../../../../../../Drivers/BSP/Adafruit_Shield -I../../../../../../Middlewares/Third_Party/FatFs/src -I../../../../../../Drivers/CMSIS/Include -Os -ffunction-sections -g3 -fstack-usage -Wall -fmessage-length=0 -specs=nano.specs -o Drivers\BSP\Components\st7735.o 
arm-atollic-eabi-gcc -c ..\..\..\..\..\..\Drivers\STM32F7xx_HAL_Driver\Src\stm32f7xx_hal_cortex.c -mthumb -mcpu=cortex-m7 -mfloat-abi=hard -mfpu=fpv5-d16 -std=gnu11 -DSTM32F767xx -DUSE_HAL_DRIVER -DUSE_STM32F7XX_NUCLEO_144 -DADAFRUIT_TFT_JOY_SD_ID802 -I../../../Inc -I../../../../../../Drivers/CMSIS/Device/ST/STM32F7xx/Include -I../../../../../../Drivers/STM32F7xx_HAL_Driver/Inc -I../../../../../../Drivers/BSP/STM32F7xx_Nucleo_144 -I../../../../../../Drivers/BSP/Adafruit_Shield -I../../../../../../Middlewares/Third_Party/FatFs/src -I../../../../../../Drivers/CMSIS/Include -Os -ffunction-sections -g3 -fstack-usage -Wall -fmessage-length=0 -specs=nano.specs -o Drivers\STM32F7xx_HAL_Driver\stm32f7xx_hal_cortex.o 
arm-atollic-eabi-gcc -c ..\..\..\..\..\..\Middlewares\Third_Party\FatFs\src\ff.c -mthumb -mcpu=cortex-m7 -mfloat-abi=hard -mfpu=fpv5-d16 -std=gnu11 -DSTM32F767xx -DUSE_HAL_DRIVER -DUSE_STM32F7XX_NUCLEO_144 -DADAFRUIT_TFT_JOY_SD_ID802 -I../../../Inc -I../../../../../../Drivers/CMSIS/Device/ST/STM32F7xx/Include -I../../../../../../Drivers/STM32F7xx_HAL_Driver/Inc -I../../../../../../Drivers/BSP/STM32F7xx_Nucleo_144 -I../../../../../../Drivers/BSP/Adafruit_Shield -I../../../../../../Middlewares/Third_Party/FatFs/src -I../../../../../../Drivers/CMSIS/Include -Os -ffunction-sections -g3 -fstack-usage -Wall -fmessage-length=0 -specs=nano.specs -o Middlewares\FatFs\Core\ff.o 
arm-atollic-eabi-gcc -c ..\..\..\..\..\..\Drivers\STM32F7xx_HAL_Driver\Src\stm32f7xx_hal_dma_ex.c -mthumb -mcpu=cortex-m7 -mfloat-abi=hard -mfpu=fpv5-d16 -std=gnu11 -DSTM32F767xx -DUSE_HAL_DRIVER -DUSE_STM32F7XX_NUCLEO_144 -DADAFRUIT_TFT_JOY_SD_ID802 -I../../../Inc -I../../../../../../Drivers/CMSIS/Device/ST/STM32F7xx/Include -I../../../../../../Drivers/STM32F7xx_HAL_Driver/Inc -I../../../../../../Drivers/BSP/STM32F7xx_Nucleo_144 -I../../../../../../Drivers/BSP/Adafruit_Shield -I../../../../../../Middlewares/Third_Party/FatFs/src -I../../../../../../Drivers/CMSIS/Include -Os -ffunction-sections -g3 -fstack-usage -Wall -fmessage-length=0 -specs=nano.specs -o Drivers\STM32F7xx_HAL_Driver\stm32f7xx_hal_dma_ex.o 
arm-atollic-eabi-gcc -c ..\..\..\..\..\..\Drivers\STM32F7xx_HAL_Driver\Src\stm32f7xx_hal_rcc.c -mthumb -mcpu=cortex-m7 -mfloat-abi=hard -mfpu=fpv5-d16 -std=gnu11 -DSTM32F767xx -DUSE_HAL_DRIVER -DUSE_STM32F7XX_NUCLEO_144 -DADAFRUIT_TFT_JOY_SD_ID802 -I../../../Inc -I../../../../../../Drivers/CMSIS/Device/ST/STM32F7xx/Include -I../../../../../../Drivers/STM32F7xx_HAL_Driver/Inc -I../../../../../../Drivers/BSP/STM32F7xx_Nucleo_144 -I../../../../../../Drivers/BSP/Adafruit_Shield -I../../../../../../Middlewares/Third_Party/FatFs/src -I../../../../../../Drivers/CMSIS/Include -Os -ffunction-sections -g3 -fstack-usage -Wall -fmessage-length=0 -specs=nano.specs -o Drivers\STM32F7xx_HAL_Driver\stm32f7xx_hal_rcc.o 
arm-atollic-eabi-gcc -c ..\..\..\..\..\..\Drivers\STM32F7xx_HAL_Driver\Src\stm32f7xx_hal_dma.c -mthumb -mcpu=cortex-m7 -mfloat-abi=hard -mfpu=fpv5-d16 -std=gnu11 -DSTM32F767xx -DUSE_HAL_DRIVER -DUSE_STM32F7XX_NUCLEO_144 -DADAFRUIT_TFT_JOY_SD_ID802 -I../../../Inc -I../../../../../../Drivers/CMSIS/Device/ST/STM32F7xx/Include -I../../../../../../Drivers/STM32F7xx_HAL_Driver/Inc -I../../../../../../Drivers/BSP/STM32F7xx_Nucleo_144 -I../../../../../../Drivers/BSP/Adafruit_Shield -I../../../../../../Middlewares/Third_Party/FatFs/src -I../../../../../../Drivers/CMSIS/Include -Os -ffunction-sections -g3 -fstack-usage -Wall -fmessage-length=0 -specs=nano.specs -o Drivers\STM32F7xx_HAL_Driver\stm32f7xx_hal_dma.o 
arm-atollic-eabi-gcc -c -mthumb -mcpu=cortex-m7 -mfloat-abi=hard -mfpu=fpv5-d16 -I../../../Inc -g -Wa,--warn -x assembler-with-cpp -specs=nano.specs -o Application\SW4STM32\startup_stm32f767xx.o ..\..\startup_stm32f767xx.s 
arm-atollic-eabi-gcc -c ..\..\..\..\..\..\Drivers\STM32F7xx_HAL_Driver\Src\stm32f7xx_hal_adc.c -mthumb -mcpu=cortex-m7 -mfloat-abi=hard -mfpu=fpv5-d16 -std=gnu11 -DSTM32F767xx -DUSE_HAL_DRIVER -DUSE_STM32F7XX_NUCLEO_144 -DADAFRUIT_TFT_JOY_SD_ID802 -I../../../Inc -I../../../../../../Drivers/CMSIS/Device/ST/STM32F7xx/Include -I../../../../../../Drivers/STM32F7xx_HAL_Driver/Inc -I../../../../../../Drivers/BSP/STM32F7xx_Nucleo_144 -I../../../../../../Drivers/BSP/Adafruit_Shield -I../../../../../../Middlewares/Third_Party/FatFs/src -I../../../../../../Drivers/CMSIS/Include -Os -ffunction-sections -g3 -fstack-usage -Wall -fmessage-length=0 -specs=nano.specs -o Drivers\STM32F7xx_HAL_Driver\stm32f7xx_hal_adc.o 
arm-atollic-eabi-gcc -c ..\..\..\Src\stm32f7xx_it.c -mthumb -mcpu=cortex-m7 -mfloat-abi=hard -mfpu=fpv5-d16 -std=gnu11 -DSTM32F767xx -DUSE_HAL_DRIVER -DUSE_STM32F7XX_NUCLEO_144 -DADAFRUIT_TFT_JOY_SD_ID802 -I../../../Inc -I../../../../../../Drivers/CMSIS/Device/ST/STM32F7xx/Include -I../../../../../../Drivers/STM32F7xx_HAL_Driver/Inc -I../../../../../../Drivers/BSP/STM32F7xx_Nucleo_144 -I../../../../../../Drivers/BSP/Adafruit_Shield -I../../../../../../Middlewares/Third_Party/FatFs/src -I../../../../../../Drivers/CMSIS/Include -Os -ffunction-sections -g3 -fstack-usage -Wall -fmessage-length=0 -specs=nano.specs -o Application\User\stm32f7xx_it.o 
arm-atollic-eabi-gcc -c ..\..\..\..\..\..\Middlewares\Third_Party\FatFs\src\option\unicode.c -mthumb -mcpu=cortex-m7 -mfloat-abi=hard -mfpu=fpv5-d16 -std=gnu11 -DSTM32F767xx -DUSE_HAL_DRIVER -DUSE_STM32F7XX_NUCLEO_144 -DADAFRUIT_TFT_JOY_SD_ID802 -I../../../Inc -I../../../../../../Drivers/CMSIS/Device/ST/STM32F7xx/Include -I../../../../../../Drivers/STM32F7xx_HAL_Driver/Inc -I../../../../../../Drivers/BSP/STM32F7xx_Nucleo_144 -I../../../../../../Drivers/BSP/Adafruit_Shield -I../../../../../../Middlewares/Third_Party/FatFs/src -I../../../../../../Drivers/CMSIS/Include -Os -ffunction-sections -g3 -fstack-usage -Wall -fmessage-length=0 -specs=nano.specs -o Middlewares\FatFs\Option\unicode.o 
arm-atollic-eabi-gcc -c ..\..\..\..\..\..\Drivers\BSP\Adafruit_Shield\stm32_adafruit_sd.c -mthumb -mcpu=cortex-m7 -mfloat-abi=hard -mfpu=fpv5-d16 -std=gnu11 -DSTM32F767xx -DUSE_HAL_DRIVER -DUSE_STM32F7XX_NUCLEO_144 -DADAFRUIT_TFT_JOY_SD_ID802 -I../../../Inc -I../../../../../../Drivers/CMSIS/Device/ST/STM32F7xx/Include -I../../../../../../Drivers/STM32F7xx_HAL_Driver/Inc -I../../../../../../Drivers/BSP/STM32F7xx_Nucleo_144 -I../../../../../../Drivers/BSP/Adafruit_Shield -I../../../../../../Middlewares/Third_Party/FatFs/src -I../../../../../../Drivers/CMSIS/Include -Os -ffunction-sections -g3 -fstack-usage -Wall -fmessage-length=0 -specs=nano.specs -o Drivers\BSP\Adafruit_Shield\stm32_adafruit_sd.o 
arm-atollic-eabi-gcc -c ..\..\..\..\..\..\Drivers\STM32F7xx_HAL_Driver\Src\stm32f7xx_hal_gpio.c -mthumb -mcpu=cortex-m7 -mfloat-abi=hard -mfpu=fpv5-d16 -std=gnu11 -DSTM32F767xx -DUSE_HAL_DRIVER -DUSE_STM32F7XX_NUCLEO_144 -DADAFRUIT_TFT_JOY_SD_ID802 -I../../../Inc -I../../../../../../Drivers/CMSIS/Device/ST/STM32F7xx/Include -I../../../../../../Drivers/STM32F7xx_HAL_Driver/Inc -I../../../../../../Drivers/BSP/STM32F7xx_Nucleo_144 -I../../../../../../Drivers/BSP/Adafruit_Shield -I../../../../../../Middlewares/Third_Party/FatFs/src -I../../../../../../Drivers/CMSIS/Include -Os -ffunction-sections -g3 -fstack-usage -Wall -fmessage-length=0 -specs=nano.specs -o Drivers\STM32F7xx_HAL_Driver\stm32f7xx_hal_gpio.o 
arm-atollic-eabi-gcc -c ..\..\..\..\..\..\Drivers\STM32F7xx_HAL_Driver\Src\stm32f7xx_hal_pwr_ex.c -mthumb -mcpu=cortex-m7 -mfloat-abi=hard -mfpu=fpv5-d16 -std=gnu11 -DSTM32F767xx -DUSE_HAL_DRIVER -DUSE_STM32F7XX_NUCLEO_144 -DADAFRUIT_TFT_JOY_SD_ID802 -I../../../Inc -I../../../../../../Drivers/CMSIS/Device/ST/STM32F7xx/Include -I../../../../../../Drivers/STM32F7xx_HAL_Driver/Inc -I../../../../../../Drivers/BSP/STM32F7xx_Nucleo_144 -I../../../../../../Drivers/BSP/Adafruit_Shield -I../../../../../../Middlewares/Third_Party/FatFs/src -I../../../../../../Drivers/CMSIS/Include -Os -ffunction-sections -g3 -fstack-usage -Wall -fmessage-length=0 -specs=nano.specs -o Drivers\STM32F7xx_HAL_Driver\stm32f7xx_hal_pwr_ex.o 
arm-atollic-eabi-gcc -c ..\..\..\..\..\..\Middlewares\Third_Party\FatFs\src\ff_gen_drv.c -mthumb -mcpu=cortex-m7 -mfloat-abi=hard -mfpu=fpv5-d16 -std=gnu11 -DSTM32F767xx -DUSE_HAL_DRIVER -DUSE_STM32F7XX_NUCLEO_144 -DADAFRUIT_TFT_JOY_SD_ID802 -I../../../Inc -I../../../../../../Drivers/CMSIS/Device/ST/STM32F7xx/Include -I../../../../../../Drivers/STM32F7xx_HAL_Driver/Inc -I../../../../../../Drivers/BSP/STM32F7xx_Nucleo_144 -I../../../../../../Drivers/BSP/Adafruit_Shield -I../../../../../../Middlewares/Third_Party/FatFs/src -I../../../../../../Drivers/CMSIS/Include -Os -ffunction-sections -g3 -fstack-usage -Wall -fmessage-length=0 -specs=nano.specs -o Middlewares\FatFs\Core\ff_gen_drv.o 
arm-atollic-eabi-gcc -c ..\..\..\..\..\..\Drivers\BSP\Adafruit_Shield\stm32_adafruit_lcd.c -mthumb -mcpu=cortex-m7 -mfloat-abi=hard -mfpu=fpv5-d16 -std=gnu11 -DSTM32F767xx -DUSE_HAL_DRIVER -DUSE_STM32F7XX_NUCLEO_144 -DADAFRUIT_TFT_JOY_SD_ID802 -I../../../Inc -I../../../../../../Drivers/CMSIS/Device/ST/STM32F7xx/Include -I../../../../../../Drivers/STM32F7xx_HAL_Driver/Inc -I../../../../../../Drivers/BSP/STM32F7xx_Nucleo_144 -I../../../../../../Drivers/BSP/Adafruit_Shield -I../../../../../../Middlewares/Third_Party/FatFs/src -I../../../../../../Drivers/CMSIS/Include -Os -ffunction-sections -g3 -fstack-usage -Wall -fmessage-length=0 -specs=nano.specs -o Drivers\BSP\Adafruit_Shield\stm32_adafruit_lcd.o 
arm-atollic-eabi-gcc -o STM32767ZI_Nucleo.elf Application\SW4STM32\startup_stm32f767xx.o Application\User\fatfs_storage.o Application\User\main.o Application\User\stm32f7xx_it.o Drivers\BSP\Adafruit_Shield\stm32_adafruit_lcd.o Drivers\BSP\Adafruit_Shield\stm32_adafruit_sd.o Drivers\BSP\Components\st7735.o Drivers\BSP\STM32F7xx_Nucleo_144\stm32f7xx_nucleo_144.o Drivers\CMSIS\system_stm32f7xx.o Drivers\STM32F7xx_HAL_Driver\stm32f7xx_hal.o Drivers\STM32F7xx_HAL_Driver\stm32f7xx_hal_adc.o Drivers\STM32F7xx_HAL_Driver\stm32f7xx_hal_adc_ex.o Drivers\STM32F7xx_HAL_Driver\stm32f7xx_hal_cortex.o Drivers\STM32F7xx_HAL_Driver\stm32f7xx_hal_dma.o Drivers\STM32F7xx_HAL_Driver\stm32f7xx_hal_dma_ex.o Drivers\STM32F7xx_HAL_Driver\stm32f7xx_hal_flash.o Drivers\STM32F7xx_HAL_Driver\stm32f7xx_hal_flash_ex.o Drivers\STM32F7xx_HAL_Driver\stm32f7xx_hal_gpio.o Drivers\STM32F7xx_HAL_Driver\stm32f7xx_hal_pwr.o Drivers\STM32F7xx_HAL_Driver\stm32f7xx_hal_pwr_ex.o Drivers\STM32F7xx_HAL_Driver\stm32f7xx_hal_rcc.o Drivers\STM32F7xx_HAL_Driver\stm32f7xx_hal_rcc_ex.o Drivers\STM32F7xx_HAL_Driver\stm32f7xx_hal_spi.o Middlewares\FatFs\Core\diskio.o Middlewares\FatFs\Core\ff.o Middlewares\FatFs\Core\ff_gen_drv.o Middlewares\FatFs\Drivers\sd_diskio.o Middlewares\FatFs\Option\syscall.o Middlewares\FatFs\Option\unicode.o -mthumb -mcpu=cortex-m7 -mfloat-abi=hard -mfpu=fpv5-d16 -T../STM32F767ZITx_FLASH.ld -specs=nosys.specs -static -Wl,-Map=STM32767ZI_Nucleo.map -Wl,--gc-sections -Wl,--defsym=malloc_getpagesize_P=0x80 -Wl,--start-group -lc -lm -Wl,--end-group -specs=nano.specs 
C:\Program Files (x86)\Atollic\TrueSTUDIO for STM32 9.1.0\ide\jre\bin\java -jar C:\Program Files (x86)\Atollic\TrueSTUDIO for STM32 9.1.0\Tools\arm-atollic-reports.jar sizeinfo list STM32767ZI_Nucleo.elf 
Generate build reports...
Print size information
   text	   data	    bss	    dec	    hex	filename
  38552	    240	   9360	  48152	   bc18	STM32767ZI_Nucleo.elf
Print size information done
Generate listing file
Output sent to: STM32767ZI_Nucleo.list
Generate listing file done
Generate build reports done

22:31:46 Build Finished (took 45s.817ms)

